Archive member included because of file (symbol)

c:/program files (x86)/atmel/atmel toolchain/avr8 gcc/native/3.4.2.939/avr8-gnu-toolchain/bin/../lib/gcc/avr/4.7.2/../../../../avr/lib/avr5\libprintf_flt.a(vfprintf_flt.o)
                              (vfprintf)
c:/program files (x86)/atmel/atmel toolchain/avr8 gcc/native/3.4.2.939/avr8-gnu-toolchain/bin/../lib/gcc/avr/4.7.2/avr5\libgcc.a(_divmodhi4.o)
                              02-HAL/LCD/Src/Lcd.o (__divmodhi4)
c:/program files (x86)/atmel/atmel toolchain/avr8 gcc/native/3.4.2.939/avr8-gnu-toolchain/bin/../lib/gcc/avr/4.7.2/avr5\libgcc.a(_exit.o)
                              c:/program files (x86)/atmel/atmel toolchain/avr8 gcc/native/3.4.2.939/avr8-gnu-toolchain/bin/../lib/gcc/avr/4.7.2/../../../../avr/lib/avr5/crtm32.o (exit)
c:/program files (x86)/atmel/atmel toolchain/avr8 gcc/native/3.4.2.939/avr8-gnu-toolchain/bin/../lib/gcc/avr/4.7.2/avr5\libgcc.a(_copy_data.o)
                              02-HAL/LCD/Src/Lcd.o (__do_copy_data)
c:/program files (x86)/atmel/atmel toolchain/avr8 gcc/native/3.4.2.939/avr8-gnu-toolchain/bin/../lib/gcc/avr/4.7.2/avr5\libgcc.a(_prologue.o)
                              c:/program files (x86)/atmel/atmel toolchain/avr8 gcc/native/3.4.2.939/avr8-gnu-toolchain/bin/../lib/gcc/avr/4.7.2/../../../../avr/lib/avr5\libprintf_flt.a(vfprintf_flt.o) (__prologue_saves__)
c:/program files (x86)/atmel/atmel toolchain/avr8 gcc/native/3.4.2.939/avr8-gnu-toolchain/bin/../lib/gcc/avr/4.7.2/avr5\libgcc.a(_epilogue.o)
                              c:/program files (x86)/atmel/atmel toolchain/avr8 gcc/native/3.4.2.939/avr8-gnu-toolchain/bin/../lib/gcc/avr/4.7.2/../../../../avr/lib/avr5\libprintf_flt.a(vfprintf_flt.o) (__epilogue_restores__)
c:/program files (x86)/atmel/atmel toolchain/avr8 gcc/native/3.4.2.939/avr8-gnu-toolchain/bin/../lib/gcc/avr/4.7.2/avr5\libgcc.a(_udivmodhi4.o)
                              c:/program files (x86)/atmel/atmel toolchain/avr8 gcc/native/3.4.2.939/avr8-gnu-toolchain/bin/../lib/gcc/avr/4.7.2/avr5\libgcc.a(_divmodhi4.o) (__udivmodhi4)
c:/program files (x86)/atmel/atmel toolchain/avr8 gcc/native/3.4.2.939/avr8-gnu-toolchain/bin/../lib/gcc/avr/4.7.2/../../../../avr/lib/avr5\libc.a(ftoa_engine.o)
                              c:/program files (x86)/atmel/atmel toolchain/avr8 gcc/native/3.4.2.939/avr8-gnu-toolchain/bin/../lib/gcc/avr/4.7.2/../../../../avr/lib/avr5\libprintf_flt.a(vfprintf_flt.o) (__ftoa_engine)
c:/program files (x86)/atmel/atmel toolchain/avr8 gcc/native/3.4.2.939/avr8-gnu-toolchain/bin/../lib/gcc/avr/4.7.2/../../../../avr/lib/avr5\libc.a(strnlen_P.o)
                              c:/program files (x86)/atmel/atmel toolchain/avr8 gcc/native/3.4.2.939/avr8-gnu-toolchain/bin/../lib/gcc/avr/4.7.2/../../../../avr/lib/avr5\libprintf_flt.a(vfprintf_flt.o) (strnlen_P)
c:/program files (x86)/atmel/atmel toolchain/avr8 gcc/native/3.4.2.939/avr8-gnu-toolchain/bin/../lib/gcc/avr/4.7.2/../../../../avr/lib/avr5\libc.a(strnlen.o)
                              c:/program files (x86)/atmel/atmel toolchain/avr8 gcc/native/3.4.2.939/avr8-gnu-toolchain/bin/../lib/gcc/avr/4.7.2/../../../../avr/lib/avr5\libprintf_flt.a(vfprintf_flt.o) (strnlen)
c:/program files (x86)/atmel/atmel toolchain/avr8 gcc/native/3.4.2.939/avr8-gnu-toolchain/bin/../lib/gcc/avr/4.7.2/../../../../avr/lib/avr5\libc.a(fputc.o)
                              c:/program files (x86)/atmel/atmel toolchain/avr8 gcc/native/3.4.2.939/avr8-gnu-toolchain/bin/../lib/gcc/avr/4.7.2/../../../../avr/lib/avr5\libprintf_flt.a(vfprintf_flt.o) (fputc)
c:/program files (x86)/atmel/atmel toolchain/avr8 gcc/native/3.4.2.939/avr8-gnu-toolchain/bin/../lib/gcc/avr/4.7.2/../../../../avr/lib/avr5\libc.a(ultoa_invert.o)
                              c:/program files (x86)/atmel/atmel toolchain/avr8 gcc/native/3.4.2.939/avr8-gnu-toolchain/bin/../lib/gcc/avr/4.7.2/../../../../avr/lib/avr5\libprintf_flt.a(vfprintf_flt.o) (__ultoa_invert)

Discarded input sections

 .bss           0x00000000        0x0 c:/program files (x86)/atmel/atmel toolchain/avr8 gcc/native/3.4.2.939/avr8-gnu-toolchain/bin/../lib/gcc/avr/4.7.2/../../../../avr/lib/avr5/crtm32.o
 .text          0x00000000        0x0 01-MCAL/ADC/Src/Adc.o
 .bss           0x00000000        0x0 01-MCAL/ADC/Src/Adc.o
 .text.adcInit  0x00000000        0xa 01-MCAL/ADC/Src/Adc.o
 .text.adcRead  0x00000000       0x24 01-MCAL/ADC/Src/Adc.o
 .text          0x00000000        0x0 01-MCAL/DIO/Src/Dio.o
 .bss           0x00000000        0x0 01-MCAL/DIO/Src/Dio.o
 .text.Dio_WriteChannel
                0x00000000       0xfa 01-MCAL/DIO/Src/Dio.o
 .text.Dio_ReadChannel
                0x00000000       0x64 01-MCAL/DIO/Src/Dio.o
 .text.Dio_WriteChannels
                0x00000000       0x58 01-MCAL/DIO/Src/Dio.o
 .text.Dio_ConfigChannels
                0x00000000       0x68 01-MCAL/DIO/Src/Dio.o
 .text          0x00000000        0x0 01-MCAL/EXT_INT/Src/ExtInt.o
 .bss           0x00000000        0x0 01-MCAL/EXT_INT/Src/ExtInt.o
 .text.ExtInt_Enable
                0x00000000       0x24 01-MCAL/EXT_INT/Src/ExtInt.o
 .text.ExtInt_Disable
                0x00000000       0x24 01-MCAL/EXT_INT/Src/ExtInt.o
 .text.ExtInt_SnsCtrlSet
                0x00000000       0x38 01-MCAL/EXT_INT/Src/ExtInt.o
 .text          0x00000000        0x0 01-MCAL/GLBL_INT/Src/GlblInterrupt.o
 .bss           0x00000000        0x0 01-MCAL/GLBL_INT/Src/GlblInterrupt.o
 .text.EnableAllInterrupts
                0x00000000        0x8 01-MCAL/GLBL_INT/Src/GlblInterrupt.o
 .text.DisableAllInterrupts
                0x00000000        0x8 01-MCAL/GLBL_INT/Src/GlblInterrupt.o
 .text          0x00000000        0x0 01-MCAL/SPI/Src/Spi.o
 .bss           0x00000000        0x0 01-MCAL/SPI/Src/Spi.o
 .text.Spi_MasterInit
                0x00000000       0x52 01-MCAL/SPI/Src/Spi.o
 .text.Spi_SlaveInit
                0x00000000       0x46 01-MCAL/SPI/Src/Spi.o
 .text.Spi_MasterWrite
                0x00000000        0xa 01-MCAL/SPI/Src/Spi.o
 .text.Spi_MasterRead
                0x00000000       0x18 01-MCAL/SPI/Src/Spi.o
 .text.Spi_MasterTranseve
                0x00000000       0x16 01-MCAL/SPI/Src/Spi.o
 .text.Spi_SlaveRead
                0x00000000       0x14 01-MCAL/SPI/Src/Spi.o
 .text          0x00000000        0x0 01-MCAL/TIMER0/Src/Timer0.o
 .bss           0x00000000        0x0 01-MCAL/TIMER0/Src/Timer0.o
 .text.TIMER0_Init
                0x00000000        0x6 01-MCAL/TIMER0/Src/Timer0.o
 .text.TIMER0_Start
                0x00000000        0x8 01-MCAL/TIMER0/Src/Timer0.o
 .text.TIMER0_Stop
                0x00000000        0x8 01-MCAL/TIMER0/Src/Timer0.o
 .text.TIMER0_EnableInterrupt
                0x00000000        0x8 01-MCAL/TIMER0/Src/Timer0.o
 .text.TIMER0_DisableInterrupt
                0x00000000        0x8 01-MCAL/TIMER0/Src/Timer0.o
 .text          0x00000000        0x0 01-MCAL/UART/Src/Uart.o
 .bss           0x00000000        0x0 01-MCAL/UART/Src/Uart.o
 .text          0x00000000        0x0 02-HAL/LCD/Src/Lcd.o
 .bss           0x00000000        0x0 02-HAL/LCD/Src/Lcd.o
 .text.Lcd_EnablePulse
                0x00000000       0x2e 02-HAL/LCD/Src/Lcd.o
 .text.Lcd_Cmd  0x00000000       0x32 02-HAL/LCD/Src/Lcd.o
 .text.Lcd_Data
                0x00000000       0x32 02-HAL/LCD/Src/Lcd.o
 .text.Lcd_GoToRowColumn
                0x00000000       0x1e 02-HAL/LCD/Src/Lcd.o
 .text.Lcd_DisplayChr
                0x00000000        0x6 02-HAL/LCD/Src/Lcd.o
 .text.Lcd_Init
                0x00000000       0xdc 02-HAL/LCD/Src/Lcd.o
 .text.Lcd_DisplayStr
                0x00000000       0x1e 02-HAL/LCD/Src/Lcd.o
 .text.Lcd_DisplayInt
                0x00000000       0x82 02-HAL/LCD/Src/Lcd.o
 .data.customChar
                0x00000000       0x40 02-HAL/LCD/Src/Lcd.o
 .text          0x00000000        0x0 02-HAL/LED/Src/Led.o
 .bss           0x00000000        0x0 02-HAL/LED/Src/Led.o
 .text.Led_ON   0x00000000       0x30 02-HAL/LED/Src/Led.o
 .text.Led_OFF  0x00000000       0x30 02-HAL/LED/Src/Led.o
 .text          0x00000000        0x0 03-APP/main.o
 .bss           0x00000000        0x0 03-APP/main.o
 .text          0x00000000        0x0 c:/program files (x86)/atmel/atmel toolchain/avr8 gcc/native/3.4.2.939/avr8-gnu-toolchain/bin/../lib/gcc/avr/4.7.2/../../../../avr/lib/avr5\libprintf_flt.a(vfprintf_flt.o)
 .bss           0x00000000        0x0 c:/program files (x86)/atmel/atmel toolchain/avr8 gcc/native/3.4.2.939/avr8-gnu-toolchain/bin/../lib/gcc/avr/4.7.2/../../../../avr/lib/avr5\libprintf_flt.a(vfprintf_flt.o)
 .text          0x00000000        0x0 c:/program files (x86)/atmel/atmel toolchain/avr8 gcc/native/3.4.2.939/avr8-gnu-toolchain/bin/../lib/gcc/avr/4.7.2/avr5\libgcc.a(_divmodhi4.o)
 .bss           0x00000000        0x0 c:/program files (x86)/atmel/atmel toolchain/avr8 gcc/native/3.4.2.939/avr8-gnu-toolchain/bin/../lib/gcc/avr/4.7.2/avr5\libgcc.a(_divmodhi4.o)
 .text.libgcc.mul
                0x00000000        0x0 c:/program files (x86)/atmel/atmel toolchain/avr8 gcc/native/3.4.2.939/avr8-gnu-toolchain/bin/../lib/gcc/avr/4.7.2/avr5\libgcc.a(_divmodhi4.o)
 .text.libgcc.div
                0x00000000       0x28 c:/program files (x86)/atmel/atmel toolchain/avr8 gcc/native/3.4.2.939/avr8-gnu-toolchain/bin/../lib/gcc/avr/4.7.2/avr5\libgcc.a(_divmodhi4.o)
 .text.libgcc   0x00000000        0x0 c:/program files (x86)/atmel/atmel toolchain/avr8 gcc/native/3.4.2.939/avr8-gnu-toolchain/bin/../lib/gcc/avr/4.7.2/avr5\libgcc.a(_divmodhi4.o)
 .text.libgcc.prologue
                0x00000000        0x0 c:/program files (x86)/atmel/atmel toolchain/avr8 gcc/native/3.4.2.939/avr8-gnu-toolchain/bin/../lib/gcc/avr/4.7.2/avr5\libgcc.a(_divmodhi4.o)
 .text.libgcc.builtins
                0x00000000        0x0 c:/program files (x86)/atmel/atmel toolchain/avr8 gcc/native/3.4.2.939/avr8-gnu-toolchain/bin/../lib/gcc/avr/4.7.2/avr5\libgcc.a(_divmodhi4.o)
 .text.libgcc.fmul
                0x00000000        0x0 c:/program files (x86)/atmel/atmel toolchain/avr8 gcc/native/3.4.2.939/avr8-gnu-toolchain/bin/../lib/gcc/avr/4.7.2/avr5\libgcc.a(_divmodhi4.o)
 .text          0x00000000        0x0 c:/program files (x86)/atmel/atmel toolchain/avr8 gcc/native/3.4.2.939/avr8-gnu-toolchain/bin/../lib/gcc/avr/4.7.2/avr5\libgcc.a(_exit.o)
 .bss           0x00000000        0x0 c:/program files (x86)/atmel/atmel toolchain/avr8 gcc/native/3.4.2.939/avr8-gnu-toolchain/bin/../lib/gcc/avr/4.7.2/avr5\libgcc.a(_exit.o)
 .text.libgcc.mul
                0x00000000        0x0 c:/program files (x86)/atmel/atmel toolchain/avr8 gcc/native/3.4.2.939/avr8-gnu-toolchain/bin/../lib/gcc/avr/4.7.2/avr5\libgcc.a(_exit.o)
 .text.libgcc.div
                0x00000000        0x0 c:/program files (x86)/atmel/atmel toolchain/avr8 gcc/native/3.4.2.939/avr8-gnu-toolchain/bin/../lib/gcc/avr/4.7.2/avr5\libgcc.a(_exit.o)
 .text.libgcc   0x00000000        0x0 c:/program files (x86)/atmel/atmel toolchain/avr8 gcc/native/3.4.2.939/avr8-gnu-toolchain/bin/../lib/gcc/avr/4.7.2/avr5\libgcc.a(_exit.o)
 .text.libgcc.prologue
                0x00000000        0x0 c:/program files (x86)/atmel/atmel toolchain/avr8 gcc/native/3.4.2.939/avr8-gnu-toolchain/bin/../lib/gcc/avr/4.7.2/avr5\libgcc.a(_exit.o)
 .text.libgcc.builtins
                0x00000000        0x0 c:/program files (x86)/atmel/atmel toolchain/avr8 gcc/native/3.4.2.939/avr8-gnu-toolchain/bin/../lib/gcc/avr/4.7.2/avr5\libgcc.a(_exit.o)
 .text.libgcc.fmul
                0x00000000        0x0 c:/program files (x86)/atmel/atmel toolchain/avr8 gcc/native/3.4.2.939/avr8-gnu-toolchain/bin/../lib/gcc/avr/4.7.2/avr5\libgcc.a(_exit.o)
 .text          0x00000000        0x0 c:/program files (x86)/atmel/atmel toolchain/avr8 gcc/native/3.4.2.939/avr8-gnu-toolchain/bin/../lib/gcc/avr/4.7.2/avr5\libgcc.a(_copy_data.o)
 .bss           0x00000000        0x0 c:/program files (x86)/atmel/atmel toolchain/avr8 gcc/native/3.4.2.939/avr8-gnu-toolchain/bin/../lib/gcc/avr/4.7.2/avr5\libgcc.a(_copy_data.o)
 .text.libgcc.mul
                0x00000000        0x0 c:/program files (x86)/atmel/atmel toolchain/avr8 gcc/native/3.4.2.939/avr8-gnu-toolchain/bin/../lib/gcc/avr/4.7.2/avr5\libgcc.a(_copy_data.o)
 .text.libgcc.div
                0x00000000        0x0 c:/program files (x86)/atmel/atmel toolchain/avr8 gcc/native/3.4.2.939/avr8-gnu-toolchain/bin/../lib/gcc/avr/4.7.2/avr5\libgcc.a(_copy_data.o)
 .text.libgcc   0x00000000        0x0 c:/program files (x86)/atmel/atmel toolchain/avr8 gcc/native/3.4.2.939/avr8-gnu-toolchain/bin/../lib/gcc/avr/4.7.2/avr5\libgcc.a(_copy_data.o)
 .text.libgcc.prologue
                0x00000000        0x0 c:/program files (x86)/atmel/atmel toolchain/avr8 gcc/native/3.4.2.939/avr8-gnu-toolchain/bin/../lib/gcc/avr/4.7.2/avr5\libgcc.a(_copy_data.o)
 .text.libgcc.builtins
                0x00000000        0x0 c:/program files (x86)/atmel/atmel toolchain/avr8 gcc/native/3.4.2.939/avr8-gnu-toolchain/bin/../lib/gcc/avr/4.7.2/avr5\libgcc.a(_copy_data.o)
 .text.libgcc.fmul
                0x00000000        0x0 c:/program files (x86)/atmel/atmel toolchain/avr8 gcc/native/3.4.2.939/avr8-gnu-toolchain/bin/../lib/gcc/avr/4.7.2/avr5\libgcc.a(_copy_data.o)
 .text          0x00000000        0x0 c:/program files (x86)/atmel/atmel toolchain/avr8 gcc/native/3.4.2.939/avr8-gnu-toolchain/bin/../lib/gcc/avr/4.7.2/avr5\libgcc.a(_prologue.o)
 .bss           0x00000000        0x0 c:/program files (x86)/atmel/atmel toolchain/avr8 gcc/native/3.4.2.939/avr8-gnu-toolchain/bin/../lib/gcc/avr/4.7.2/avr5\libgcc.a(_prologue.o)
 .text.libgcc.mul
                0x00000000        0x0 c:/program files (x86)/atmel/atmel toolchain/avr8 gcc/native/3.4.2.939/avr8-gnu-toolchain/bin/../lib/gcc/avr/4.7.2/avr5\libgcc.a(_prologue.o)
 .text.libgcc.div
                0x00000000        0x0 c:/program files (x86)/atmel/atmel toolchain/avr8 gcc/native/3.4.2.939/avr8-gnu-toolchain/bin/../lib/gcc/avr/4.7.2/avr5\libgcc.a(_prologue.o)
 .text.libgcc   0x00000000        0x0 c:/program files (x86)/atmel/atmel toolchain/avr8 gcc/native/3.4.2.939/avr8-gnu-toolchain/bin/../lib/gcc/avr/4.7.2/avr5\libgcc.a(_prologue.o)
 .text.libgcc.builtins
                0x00000000        0x0 c:/program files (x86)/atmel/atmel toolchain/avr8 gcc/native/3.4.2.939/avr8-gnu-toolchain/bin/../lib/gcc/avr/4.7.2/avr5\libgcc.a(_prologue.o)
 .text.libgcc.fmul
                0x00000000        0x0 c:/program files (x86)/atmel/atmel toolchain/avr8 gcc/native/3.4.2.939/avr8-gnu-toolchain/bin/../lib/gcc/avr/4.7.2/avr5\libgcc.a(_prologue.o)
 .text          0x00000000        0x0 c:/program files (x86)/atmel/atmel toolchain/avr8 gcc/native/3.4.2.939/avr8-gnu-toolchain/bin/../lib/gcc/avr/4.7.2/avr5\libgcc.a(_epilogue.o)
 .bss           0x00000000        0x0 c:/program files (x86)/atmel/atmel toolchain/avr8 gcc/native/3.4.2.939/avr8-gnu-toolchain/bin/../lib/gcc/avr/4.7.2/avr5\libgcc.a(_epilogue.o)
 .text.libgcc.mul
                0x00000000        0x0 c:/program files (x86)/atmel/atmel toolchain/avr8 gcc/native/3.4.2.939/avr8-gnu-toolchain/bin/../lib/gcc/avr/4.7.2/avr5\libgcc.a(_epilogue.o)
 .text.libgcc.div
                0x00000000        0x0 c:/program files (x86)/atmel/atmel toolchain/avr8 gcc/native/3.4.2.939/avr8-gnu-toolchain/bin/../lib/gcc/avr/4.7.2/avr5\libgcc.a(_epilogue.o)
 .text.libgcc   0x00000000        0x0 c:/program files (x86)/atmel/atmel toolchain/avr8 gcc/native/3.4.2.939/avr8-gnu-toolchain/bin/../lib/gcc/avr/4.7.2/avr5\libgcc.a(_epilogue.o)
 .text.libgcc.builtins
                0x00000000        0x0 c:/program files (x86)/atmel/atmel toolchain/avr8 gcc/native/3.4.2.939/avr8-gnu-toolchain/bin/../lib/gcc/avr/4.7.2/avr5\libgcc.a(_epilogue.o)
 .text.libgcc.fmul
                0x00000000        0x0 c:/program files (x86)/atmel/atmel toolchain/avr8 gcc/native/3.4.2.939/avr8-gnu-toolchain/bin/../lib/gcc/avr/4.7.2/avr5\libgcc.a(_epilogue.o)
 .text          0x00000000        0x0 c:/program files (x86)/atmel/atmel toolchain/avr8 gcc/native/3.4.2.939/avr8-gnu-toolchain/bin/../lib/gcc/avr/4.7.2/avr5\libgcc.a(_udivmodhi4.o)
 .bss           0x00000000        0x0 c:/program files (x86)/atmel/atmel toolchain/avr8 gcc/native/3.4.2.939/avr8-gnu-toolchain/bin/../lib/gcc/avr/4.7.2/avr5\libgcc.a(_udivmodhi4.o)
 .text.libgcc.mul
                0x00000000        0x0 c:/program files (x86)/atmel/atmel toolchain/avr8 gcc/native/3.4.2.939/avr8-gnu-toolchain/bin/../lib/gcc/avr/4.7.2/avr5\libgcc.a(_udivmodhi4.o)
 .text.libgcc.div
                0x00000000       0x28 c:/program files (x86)/atmel/atmel toolchain/avr8 gcc/native/3.4.2.939/avr8-gnu-toolchain/bin/../lib/gcc/avr/4.7.2/avr5\libgcc.a(_udivmodhi4.o)
 .text.libgcc   0x00000000        0x0 c:/program files (x86)/atmel/atmel toolchain/avr8 gcc/native/3.4.2.939/avr8-gnu-toolchain/bin/../lib/gcc/avr/4.7.2/avr5\libgcc.a(_udivmodhi4.o)
 .text.libgcc.prologue
                0x00000000        0x0 c:/program files (x86)/atmel/atmel toolchain/avr8 gcc/native/3.4.2.939/avr8-gnu-toolchain/bin/../lib/gcc/avr/4.7.2/avr5\libgcc.a(_udivmodhi4.o)
 .text.libgcc.builtins
                0x00000000        0x0 c:/program files (x86)/atmel/atmel toolchain/avr8 gcc/native/3.4.2.939/avr8-gnu-toolchain/bin/../lib/gcc/avr/4.7.2/avr5\libgcc.a(_udivmodhi4.o)
 .text.libgcc.fmul
                0x00000000        0x0 c:/program files (x86)/atmel/atmel toolchain/avr8 gcc/native/3.4.2.939/avr8-gnu-toolchain/bin/../lib/gcc/avr/4.7.2/avr5\libgcc.a(_udivmodhi4.o)
 .text          0x00000000        0x0 c:/program files (x86)/atmel/atmel toolchain/avr8 gcc/native/3.4.2.939/avr8-gnu-toolchain/bin/../lib/gcc/avr/4.7.2/../../../../avr/lib/avr5\libc.a(ftoa_engine.o)
 .bss           0x00000000        0x0 c:/program files (x86)/atmel/atmel toolchain/avr8 gcc/native/3.4.2.939/avr8-gnu-toolchain/bin/../lib/gcc/avr/4.7.2/../../../../avr/lib/avr5\libc.a(ftoa_engine.o)
 .text          0x00000000        0x0 c:/program files (x86)/atmel/atmel toolchain/avr8 gcc/native/3.4.2.939/avr8-gnu-toolchain/bin/../lib/gcc/avr/4.7.2/../../../../avr/lib/avr5\libc.a(strnlen_P.o)
 .bss           0x00000000        0x0 c:/program files (x86)/atmel/atmel toolchain/avr8 gcc/native/3.4.2.939/avr8-gnu-toolchain/bin/../lib/gcc/avr/4.7.2/../../../../avr/lib/avr5\libc.a(strnlen_P.o)
 .text          0x00000000        0x0 c:/program files (x86)/atmel/atmel toolchain/avr8 gcc/native/3.4.2.939/avr8-gnu-toolchain/bin/../lib/gcc/avr/4.7.2/../../../../avr/lib/avr5\libc.a(strnlen.o)
 .bss           0x00000000        0x0 c:/program files (x86)/atmel/atmel toolchain/avr8 gcc/native/3.4.2.939/avr8-gnu-toolchain/bin/../lib/gcc/avr/4.7.2/../../../../avr/lib/avr5\libc.a(strnlen.o)
 .text          0x00000000        0x0 c:/program files (x86)/atmel/atmel toolchain/avr8 gcc/native/3.4.2.939/avr8-gnu-toolchain/bin/../lib/gcc/avr/4.7.2/../../../../avr/lib/avr5\libc.a(fputc.o)
 .bss           0x00000000        0x0 c:/program files (x86)/atmel/atmel toolchain/avr8 gcc/native/3.4.2.939/avr8-gnu-toolchain/bin/../lib/gcc/avr/4.7.2/../../../../avr/lib/avr5\libc.a(fputc.o)
 .text          0x00000000        0x0 c:/program files (x86)/atmel/atmel toolchain/avr8 gcc/native/3.4.2.939/avr8-gnu-toolchain/bin/../lib/gcc/avr/4.7.2/../../../../avr/lib/avr5\libc.a(ultoa_invert.o)
 .bss           0x00000000        0x0 c:/program files (x86)/atmel/atmel toolchain/avr8 gcc/native/3.4.2.939/avr8-gnu-toolchain/bin/../lib/gcc/avr/4.7.2/../../../../avr/lib/avr5\libc.a(ultoa_invert.o)

Memory Configuration

Name             Origin             Length             Attributes
text             0x00000000         0x00020000         xr
data             0x00800060         0x0000ffa0         rw !x
eeprom           0x00810000         0x00010000         rw !x
fuse             0x00820000         0x00000400         rw !x
lock             0x00830000         0x00000400         rw !x
signature        0x00840000         0x00000400         rw !x
user_signatures  0x00850000         0x00000400         rw !x
*default*        0x00000000         0xffffffff

Linker script and memory map

LOAD c:/program files (x86)/atmel/atmel toolchain/avr8 gcc/native/3.4.2.939/avr8-gnu-toolchain/bin/../lib/gcc/avr/4.7.2/../../../../avr/lib/avr5/crtm32.o
LOAD 01-MCAL/ADC/Src/Adc.o
LOAD 01-MCAL/DIO/Src/Dio.o
LOAD 01-MCAL/EXT_INT/Src/ExtInt.o
LOAD 01-MCAL/GLBL_INT/Src/GlblInterrupt.o
LOAD 01-MCAL/SPI/Src/Spi.o
LOAD 01-MCAL/TIMER0/Src/Timer0.o
LOAD 01-MCAL/UART/Src/Uart.o
LOAD 02-HAL/LCD/Src/Lcd.o
LOAD 02-HAL/LED/Src/Led.o
LOAD 03-APP/main.o
START GROUP
LOAD c:/program files (x86)/atmel/atmel toolchain/avr8 gcc/native/3.4.2.939/avr8-gnu-toolchain/bin/../lib/gcc/avr/4.7.2/../../../../avr/lib/avr5\libm.a
END GROUP
LOAD c:/program files (x86)/atmel/atmel toolchain/avr8 gcc/native/3.4.2.939/avr8-gnu-toolchain/bin/../lib/gcc/avr/4.7.2/../../../../avr/lib/avr5\libprintf_flt.a
LOAD c:/program files (x86)/atmel/atmel toolchain/avr8 gcc/native/3.4.2.939/avr8-gnu-toolchain/bin/../lib/gcc/avr/4.7.2/avr5\libgcc.a
LOAD c:/program files (x86)/atmel/atmel toolchain/avr8 gcc/native/3.4.2.939/avr8-gnu-toolchain/bin/../lib/gcc/avr/4.7.2/../../../../avr/lib/avr5\libc.a
LOAD c:/program files (x86)/atmel/atmel toolchain/avr8 gcc/native/3.4.2.939/avr8-gnu-toolchain/bin/../lib/gcc/avr/4.7.2/avr5\libgcc.a

.hash
 *(.hash)

.dynsym
 *(.dynsym)

.dynstr
 *(.dynstr)

.gnu.version
 *(.gnu.version)

.gnu.version_d
 *(.gnu.version_d)

.gnu.version_r
 *(.gnu.version_r)

.rel.init
 *(.rel.init)

.rela.init
 *(.rela.init)

.rel.text
 *(.rel.text)
 *(.rel.text.*)
 *(.rel.gnu.linkonce.t*)

.rela.text
 *(.rela.text)
 *(.rela.text.*)
 *(.rela.gnu.linkonce.t*)

.rel.fini
 *(.rel.fini)

.rela.fini
 *(.rela.fini)

.rel.rodata
 *(.rel.rodata)
 *(.rel.rodata.*)
 *(.rel.gnu.linkonce.r*)

.rela.rodata
 *(.rela.rodata)
 *(.rela.rodata.*)
 *(.rela.gnu.linkonce.r*)

.rel.data
 *(.rel.data)
 *(.rel.data.*)
 *(.rel.gnu.linkonce.d*)

.rela.data
 *(.rela.data)
 *(.rela.data.*)
 *(.rela.gnu.linkonce.d*)

.rel.ctors
 *(.rel.ctors)

.rela.ctors
 *(.rela.ctors)

.rel.dtors
 *(.rel.dtors)

.rela.dtors
 *(.rela.dtors)

.rel.got
 *(.rel.got)

.rela.got
 *(.rela.got)

.rel.bss
 *(.rel.bss)

.rela.bss
 *(.rela.bss)

.rel.plt
 *(.rel.plt)

.rela.plt
 *(.rela.plt)

.text           0x00000000      0xe14
 *(.vectors)
 .vectors       0x00000000       0x54 c:/program files (x86)/atmel/atmel toolchain/avr8 gcc/native/3.4.2.939/avr8-gnu-toolchain/bin/../lib/gcc/avr/4.7.2/../../../../avr/lib/avr5/crtm32.o
                0x00000000                __vector_default
                0x00000000                __vectors
 *(.vectors)
 *(.progmem.gcc*)
 *(.progmem*)
 .progmem.data  0x00000054        0x8 c:/program files (x86)/atmel/atmel toolchain/avr8 gcc/native/3.4.2.939/avr8-gnu-toolchain/bin/../lib/gcc/avr/4.7.2/../../../../avr/lib/avr5\libprintf_flt.a(vfprintf_flt.o)
 .progmem.data  0x0000005c       0xfa c:/program files (x86)/atmel/atmel toolchain/avr8 gcc/native/3.4.2.939/avr8-gnu-toolchain/bin/../lib/gcc/avr/4.7.2/../../../../avr/lib/avr5\libc.a(ftoa_engine.o)
                0x00000156                . = ALIGN (0x2)
                0x00000156                __trampolines_start = .
 *(.trampolines)
 .trampolines   0x00000156        0x0 linker stubs
 *(.trampolines*)
                0x00000156                __trampolines_end = .
 *(.jumptables)
 *(.jumptables*)
 *(.lowtext)
 *(.lowtext*)
                0x00000156                __ctors_start = .
 *(.ctors)
                0x00000156                __ctors_end = .
                0x00000156                __dtors_start = .
 *(.dtors)
                0x00000156                __dtors_end = .
 SORT(*)(.ctors)
 SORT(*)(.dtors)
 *(.init0)
 .init0         0x00000156        0x0 c:/program files (x86)/atmel/atmel toolchain/avr8 gcc/native/3.4.2.939/avr8-gnu-toolchain/bin/../lib/gcc/avr/4.7.2/../../../../avr/lib/avr5/crtm32.o
                0x00000156                __init
 *(.init0)
 *(.init1)
 *(.init1)
 *(.init2)
 .init2         0x00000156        0xc c:/program files (x86)/atmel/atmel toolchain/avr8 gcc/native/3.4.2.939/avr8-gnu-toolchain/bin/../lib/gcc/avr/4.7.2/../../../../avr/lib/avr5/crtm32.o
 *(.init2)
 *(.init3)
 *(.init3)
 *(.init4)
 .init4         0x00000162       0x16 c:/program files (x86)/atmel/atmel toolchain/avr8 gcc/native/3.4.2.939/avr8-gnu-toolchain/bin/../lib/gcc/avr/4.7.2/avr5\libgcc.a(_copy_data.o)
                0x00000162                __do_copy_data
 *(.init4)
 *(.init5)
 *(.init5)
 *(.init6)
 *(.init6)
 *(.init7)
 *(.init7)
 *(.init8)
 *(.init8)
 *(.init9)
 .init9         0x00000178        0x8 c:/program files (x86)/atmel/atmel toolchain/avr8 gcc/native/3.4.2.939/avr8-gnu-toolchain/bin/../lib/gcc/avr/4.7.2/../../../../avr/lib/avr5/crtm32.o
 *(.init9)
 *(.text)
 .text          0x00000180        0x4 c:/program files (x86)/atmel/atmel toolchain/avr8 gcc/native/3.4.2.939/avr8-gnu-toolchain/bin/../lib/gcc/avr/4.7.2/../../../../avr/lib/avr5/crtm32.o
                0x00000180                __vector_1
                0x00000180                __vector_12
                0x00000180                __bad_interrupt
                0x00000180                __vector_6
                0x00000180                __vector_3
                0x00000180                __vector_11
                0x00000180                __vector_13
                0x00000180                __vector_17
                0x00000180                __vector_19
                0x00000180                __vector_7
                0x00000180                __vector_5
                0x00000180                __vector_4
                0x00000180                __vector_9
                0x00000180                __vector_2
                0x00000180                __vector_15
                0x00000180                __vector_8
                0x00000180                __vector_14
                0x00000180                __vector_10
                0x00000180                __vector_16
                0x00000180                __vector_18
                0x00000180                __vector_20
                0x00000184                . = ALIGN (0x2)
 *(.text.*)
 .text.Dio_ConfigChannel
                0x00000184       0xfa 01-MCAL/DIO/Src/Dio.o
                0x00000184                Dio_ConfigChannel
 .text.Dio_FlipChannel
                0x0000027e       0x78 01-MCAL/DIO/Src/Dio.o
                0x0000027e                Dio_FlipChannel
 .text.UART_Init
                0x000002f6       0x10 01-MCAL/UART/Src/Uart.o
                0x000002f6                UART_Init
 .text.UART_TransmitChr
                0x00000306        0x8 01-MCAL/UART/Src/Uart.o
                0x00000306                UART_TransmitChr
 .text.UART_TransmitStr
                0x0000030e       0x1e 01-MCAL/UART/Src/Uart.o
                0x0000030e                UART_TransmitStr
 .text.UART_ReceiveChr
                0x0000032c        0x8 01-MCAL/UART/Src/Uart.o
                0x0000032c                UART_ReceiveChr
 .text.Led_Init
                0x00000334       0x20 02-HAL/LED/Src/Led.o
                0x00000334                Led_Init
 .text.Led_Toggle
                0x00000354       0x2a 02-HAL/LED/Src/Led.o
                0x00000354                Led_Toggle
 .text.main     0x0000037e       0x30 03-APP/main.o
                0x0000037e                main
 .text.avr-libc
                0x000003ae      0x704 c:/program files (x86)/atmel/atmel toolchain/avr8 gcc/native/3.4.2.939/avr8-gnu-toolchain/bin/../lib/gcc/avr/4.7.2/../../../../avr/lib/avr5\libprintf_flt.a(vfprintf_flt.o)
                0x000003ae                vfprintf
 .text.libgcc.prologue
                0x00000ab2       0x38 c:/program files (x86)/atmel/atmel toolchain/avr8 gcc/native/3.4.2.939/avr8-gnu-toolchain/bin/../lib/gcc/avr/4.7.2/avr5\libgcc.a(_prologue.o)
                0x00000ab2                __prologue_saves__
 .text.libgcc.prologue
                0x00000aea       0x36 c:/program files (x86)/atmel/atmel toolchain/avr8 gcc/native/3.4.2.939/avr8-gnu-toolchain/bin/../lib/gcc/avr/4.7.2/avr5\libgcc.a(_epilogue.o)
                0x00000aea                __epilogue_restores__
 .text.avr-libc
                0x00000b20      0x1b0 c:/program files (x86)/atmel/atmel toolchain/avr8 gcc/native/3.4.2.939/avr8-gnu-toolchain/bin/../lib/gcc/avr/4.7.2/../../../../avr/lib/avr5\libc.a(ftoa_engine.o)
                0x00000b20                __ftoa_engine
 .text.avr-libc
                0x00000cd0       0x16 c:/program files (x86)/atmel/atmel toolchain/avr8 gcc/native/3.4.2.939/avr8-gnu-toolchain/bin/../lib/gcc/avr/4.7.2/../../../../avr/lib/avr5\libc.a(strnlen_P.o)
                0x00000cd0                strnlen_P
 .text.avr-libc
                0x00000ce6       0x16 c:/program files (x86)/atmel/atmel toolchain/avr8 gcc/native/3.4.2.939/avr8-gnu-toolchain/bin/../lib/gcc/avr/4.7.2/../../../../avr/lib/avr5\libc.a(strnlen.o)
                0x00000ce6                strnlen
 .text.avr-libc
                0x00000cfc       0x58 c:/program files (x86)/atmel/atmel toolchain/avr8 gcc/native/3.4.2.939/avr8-gnu-toolchain/bin/../lib/gcc/avr/4.7.2/../../../../avr/lib/avr5\libc.a(fputc.o)
                0x00000cfc                fputc
 .text.avr-libc
                0x00000d54       0xbc c:/program files (x86)/atmel/atmel toolchain/avr8 gcc/native/3.4.2.939/avr8-gnu-toolchain/bin/../lib/gcc/avr/4.7.2/../../../../avr/lib/avr5\libc.a(ultoa_invert.o)
                0x00000d54                __ultoa_invert
                0x00000e10                . = ALIGN (0x2)
 *(.fini9)
 .fini9         0x00000e10        0x0 c:/program files (x86)/atmel/atmel toolchain/avr8 gcc/native/3.4.2.939/avr8-gnu-toolchain/bin/../lib/gcc/avr/4.7.2/avr5\libgcc.a(_exit.o)
                0x00000e10                _exit
                0x00000e10                exit
 *(.fini9)
 *(.fini8)
 *(.fini8)
 *(.fini7)
 *(.fini7)
 *(.fini6)
 *(.fini6)
 *(.fini5)
 *(.fini5)
 *(.fini4)
 *(.fini4)
 *(.fini3)
 *(.fini3)
 *(.fini2)
 *(.fini2)
 *(.fini1)
 *(.fini1)
 *(.fini0)
 .fini0         0x00000e10        0x4 c:/program files (x86)/atmel/atmel toolchain/avr8 gcc/native/3.4.2.939/avr8-gnu-toolchain/bin/../lib/gcc/avr/4.7.2/avr5\libgcc.a(_exit.o)
 *(.fini0)
                0x00000e14                _etext = .

.data           0x00800060       0x18 load address 0x00000e14
                0x00800060                PROVIDE (__data_start, .)
 *(.data)
 .data          0x00800060        0x0 c:/program files (x86)/atmel/atmel toolchain/avr8 gcc/native/3.4.2.939/avr8-gnu-toolchain/bin/../lib/gcc/avr/4.7.2/../../../../avr/lib/avr5/crtm32.o
 .data          0x00800060        0x0 01-MCAL/ADC/Src/Adc.o
 .data          0x00800060        0x0 01-MCAL/DIO/Src/Dio.o
 .data          0x00800060        0x0 01-MCAL/EXT_INT/Src/ExtInt.o
 .data          0x00800060        0x0 01-MCAL/GLBL_INT/Src/GlblInterrupt.o
 .data          0x00800060        0x0 01-MCAL/SPI/Src/Spi.o
 .data          0x00800060        0x0 01-MCAL/TIMER0/Src/Timer0.o
 .data          0x00800060        0x0 01-MCAL/UART/Src/Uart.o
 .data          0x00800060        0x0 02-HAL/LCD/Src/Lcd.o
 .data          0x00800060        0x0 02-HAL/LED/Src/Led.o
 .data          0x00800060        0x0 03-APP/main.o
 .data          0x00800060        0x0 c:/program files (x86)/atmel/atmel toolchain/avr8 gcc/native/3.4.2.939/avr8-gnu-toolchain/bin/../lib/gcc/avr/4.7.2/../../../../avr/lib/avr5\libprintf_flt.a(vfprintf_flt.o)
 .data          0x00800060        0x0 c:/program files (x86)/atmel/atmel toolchain/avr8 gcc/native/3.4.2.939/avr8-gnu-toolchain/bin/../lib/gcc/avr/4.7.2/avr5\libgcc.a(_divmodhi4.o)
 .data          0x00800060        0x0 c:/program files (x86)/atmel/atmel toolchain/avr8 gcc/native/3.4.2.939/avr8-gnu-toolchain/bin/../lib/gcc/avr/4.7.2/avr5\libgcc.a(_exit.o)
 .data          0x00800060        0x0 c:/program files (x86)/atmel/atmel toolchain/avr8 gcc/native/3.4.2.939/avr8-gnu-toolchain/bin/../lib/gcc/avr/4.7.2/avr5\libgcc.a(_copy_data.o)
 .data          0x00800060        0x0 c:/program files (x86)/atmel/atmel toolchain/avr8 gcc/native/3.4.2.939/avr8-gnu-toolchain/bin/../lib/gcc/avr/4.7.2/avr5\libgcc.a(_prologue.o)
 .data          0x00800060        0x0 c:/program files (x86)/atmel/atmel toolchain/avr8 gcc/native/3.4.2.939/avr8-gnu-toolchain/bin/../lib/gcc/avr/4.7.2/avr5\libgcc.a(_epilogue.o)
 .data          0x00800060        0x0 c:/program files (x86)/atmel/atmel toolchain/avr8 gcc/native/3.4.2.939/avr8-gnu-toolchain/bin/../lib/gcc/avr/4.7.2/avr5\libgcc.a(_udivmodhi4.o)
 .data          0x00800060        0x0 c:/program files (x86)/atmel/atmel toolchain/avr8 gcc/native/3.4.2.939/avr8-gnu-toolchain/bin/../lib/gcc/avr/4.7.2/../../../../avr/lib/avr5\libc.a(ftoa_engine.o)
 .data          0x00800060        0x0 c:/program files (x86)/atmel/atmel toolchain/avr8 gcc/native/3.4.2.939/avr8-gnu-toolchain/bin/../lib/gcc/avr/4.7.2/../../../../avr/lib/avr5\libc.a(strnlen_P.o)
 .data          0x00800060        0x0 c:/program files (x86)/atmel/atmel toolchain/avr8 gcc/native/3.4.2.939/avr8-gnu-toolchain/bin/../lib/gcc/avr/4.7.2/../../../../avr/lib/avr5\libc.a(strnlen.o)
 .data          0x00800060        0x0 c:/program files (x86)/atmel/atmel toolchain/avr8 gcc/native/3.4.2.939/avr8-gnu-toolchain/bin/../lib/gcc/avr/4.7.2/../../../../avr/lib/avr5\libc.a(fputc.o)
 .data          0x00800060        0x0 c:/program files (x86)/atmel/atmel toolchain/avr8 gcc/native/3.4.2.939/avr8-gnu-toolchain/bin/../lib/gcc/avr/4.7.2/../../../../avr/lib/avr5\libc.a(ultoa_invert.o)
 *(.data*)
 *(.rodata)
 *(.rodata*)
 .rodata.str1.1
                0x00800060       0x18 03-APP/main.o
 *(.gnu.linkonce.d*)
                0x00800078                . = ALIGN (0x2)
                0x00800078                _edata = .
                0x00800078                PROVIDE (__data_end, .)

.bss            0x00800078        0x0
                0x00800078                PROVIDE (__bss_start, .)
 *(.bss)
 *(.bss*)
 *(COMMON)
                0x00800078                PROVIDE (__bss_end, .)
                0x00000e14                __data_load_start = LOADADDR (.data)
                0x00000e2c                __data_load_end = (__data_load_start + SIZEOF (.data))

.noinit         0x00800078        0x0
                0x00800078                PROVIDE (__noinit_start, .)
 *(.noinit*)
                0x00800078                PROVIDE (__noinit_end, .)
                0x00800078                _end = .
                0x00800078                PROVIDE (__heap_start, .)

.eeprom         0x00810000        0x0
 *(.eeprom*)
                0x00810000                __eeprom_end = .

.fuse
 *(.fuse)
 *(.lfuse)
 *(.hfuse)
 *(.efuse)

.lock
 *(.lock*)

.signature
 *(.signature*)

.user_signatures
 *(.user_signatures*)

.stab           0x00000000     0x16bc
 *(.stab)
 .stab          0x00000000      0x6cc c:/program files (x86)/atmel/atmel toolchain/avr8 gcc/native/3.4.2.939/avr8-gnu-toolchain/bin/../lib/gcc/avr/4.7.2/../../../../avr/lib/avr5/crtm32.o
 .stab          0x000006cc      0xa38 c:/program files (x86)/atmel/atmel toolchain/avr8 gcc/native/3.4.2.939/avr8-gnu-toolchain/bin/../lib/gcc/avr/4.7.2/../../../../avr/lib/avr5\libc.a(ftoa_engine.o)
                                0xa44 (size before relaxing)
 .stab          0x00001104       0x9c c:/program files (x86)/atmel/atmel toolchain/avr8 gcc/native/3.4.2.939/avr8-gnu-toolchain/bin/../lib/gcc/avr/4.7.2/../../../../avr/lib/avr5\libc.a(strnlen_P.o)
                                 0xa8 (size before relaxing)
 .stab          0x000011a0       0x9c c:/program files (x86)/atmel/atmel toolchain/avr8 gcc/native/3.4.2.939/avr8-gnu-toolchain/bin/../lib/gcc/avr/4.7.2/../../../../avr/lib/avr5\libc.a(strnlen.o)
                                 0xa8 (size before relaxing)
 .stab          0x0000123c      0x480 c:/program files (x86)/atmel/atmel toolchain/avr8 gcc/native/3.4.2.939/avr8-gnu-toolchain/bin/../lib/gcc/avr/4.7.2/../../../../avr/lib/avr5\libc.a(ultoa_invert.o)
                                0x48c (size before relaxing)

.stabstr        0x00000000      0x277
 *(.stabstr)
 .stabstr       0x00000000      0x277 c:/program files (x86)/atmel/atmel toolchain/avr8 gcc/native/3.4.2.939/avr8-gnu-toolchain/bin/../lib/gcc/avr/4.7.2/../../../../avr/lib/avr5/crtm32.o

.stab.excl
 *(.stab.excl)

.stab.exclstr
 *(.stab.exclstr)

.stab.index
 *(.stab.index)

.stab.indexstr
 *(.stab.indexstr)

.comment        0x00000000       0x2f
 *(.comment)
 .comment       0x00000000       0x2f 01-MCAL/ADC/Src/Adc.o
                                 0x30 (size before relaxing)
 .comment       0x00000000       0x30 01-MCAL/DIO/Src/Dio.o
 .comment       0x00000000       0x30 01-MCAL/EXT_INT/Src/ExtInt.o
 .comment       0x00000000       0x30 01-MCAL/GLBL_INT/Src/GlblInterrupt.o
 .comment       0x00000000       0x30 01-MCAL/SPI/Src/Spi.o
 .comment       0x00000000       0x30 01-MCAL/TIMER0/Src/Timer0.o
 .comment       0x00000000       0x30 01-MCAL/UART/Src/Uart.o
 .comment       0x00000000       0x30 02-HAL/LCD/Src/Lcd.o
 .comment       0x00000000       0x30 02-HAL/LED/Src/Led.o
 .comment       0x00000000       0x30 03-APP/main.o
 .comment       0x00000000       0x30 c:/program files (x86)/atmel/atmel toolchain/avr8 gcc/native/3.4.2.939/avr8-gnu-toolchain/bin/../lib/gcc/avr/4.7.2/../../../../avr/lib/avr5\libprintf_flt.a(vfprintf_flt.o)
 .comment       0x00000000       0x30 c:/program files (x86)/atmel/atmel toolchain/avr8 gcc/native/3.4.2.939/avr8-gnu-toolchain/bin/../lib/gcc/avr/4.7.2/../../../../avr/lib/avr5\libc.a(fputc.o)

.debug
 *(.debug)

.line
 *(.line)

.debug_srcinfo
 *(.debug_srcinfo)

.debug_sfnames
 *(.debug_sfnames)

.debug_aranges  0x00000000      0x278
 *(.debug_aranges)
 .debug_aranges
                0x00000000       0x28 01-MCAL/ADC/Src/Adc.o
 .debug_aranges
                0x00000028       0x48 01-MCAL/DIO/Src/Dio.o
 .debug_aranges
                0x00000070       0x30 01-MCAL/EXT_INT/Src/ExtInt.o
 .debug_aranges
                0x000000a0       0x28 01-MCAL/GLBL_INT/Src/GlblInterrupt.o
 .debug_aranges
                0x000000c8       0x48 01-MCAL/SPI/Src/Spi.o
 .debug_aranges
                0x00000110       0x40 01-MCAL/TIMER0/Src/Timer0.o
 .debug_aranges
                0x00000150       0x38 01-MCAL/UART/Src/Uart.o
 .debug_aranges
                0x00000188       0x58 02-HAL/LCD/Src/Lcd.o
 .debug_aranges
                0x000001e0       0x38 02-HAL/LED/Src/Led.o
 .debug_aranges
                0x00000218       0x20 03-APP/main.o
 .debug_aranges
                0x00000238       0x20 c:/program files (x86)/atmel/atmel toolchain/avr8 gcc/native/3.4.2.939/avr8-gnu-toolchain/bin/../lib/gcc/avr/4.7.2/../../../../avr/lib/avr5\libprintf_flt.a(vfprintf_flt.o)
 .debug_aranges
                0x00000258       0x20 c:/program files (x86)/atmel/atmel toolchain/avr8 gcc/native/3.4.2.939/avr8-gnu-toolchain/bin/../lib/gcc/avr/4.7.2/../../../../avr/lib/avr5\libc.a(fputc.o)

.debug_pubnames
 *(.debug_pubnames)

.debug_info     0x00000000     0x2357
 *(.debug_info)
 .debug_info    0x00000000      0x10a 01-MCAL/ADC/Src/Adc.o
 .debug_info    0x0000010a      0x2b9 01-MCAL/DIO/Src/Dio.o
 .debug_info    0x000003c3      0x147 01-MCAL/EXT_INT/Src/ExtInt.o
 .debug_info    0x0000050a       0x98 01-MCAL/GLBL_INT/Src/GlblInterrupt.o
 .debug_info    0x000005a2      0x464 01-MCAL/SPI/Src/Spi.o
 .debug_info    0x00000a06       0xee 01-MCAL/TIMER0/Src/Timer0.o
 .debug_info    0x00000af4      0x11c 01-MCAL/UART/Src/Uart.o
 .debug_info    0x00000c10      0x8fd 02-HAL/LCD/Src/Lcd.o
 .debug_info    0x0000150d      0x35f 02-HAL/LED/Src/Led.o
 .debug_info    0x0000186c      0x1a6 03-APP/main.o
 .debug_info    0x00001a12      0x7d1 c:/program files (x86)/atmel/atmel toolchain/avr8 gcc/native/3.4.2.939/avr8-gnu-toolchain/bin/../lib/gcc/avr/4.7.2/../../../../avr/lib/avr5\libprintf_flt.a(vfprintf_flt.o)
 .debug_info    0x000021e3      0x174 c:/program files (x86)/atmel/atmel toolchain/avr8 gcc/native/3.4.2.939/avr8-gnu-toolchain/bin/../lib/gcc/avr/4.7.2/../../../../avr/lib/avr5\libc.a(fputc.o)
 *(.gnu.linkonce.wi.*)

.debug_abbrev   0x00000000      0xb68
 *(.debug_abbrev)
 .debug_abbrev  0x00000000       0xac 01-MCAL/ADC/Src/Adc.o
 .debug_abbrev  0x000000ac       0xd7 01-MCAL/DIO/Src/Dio.o
 .debug_abbrev  0x00000183       0x9d 01-MCAL/EXT_INT/Src/ExtInt.o
 .debug_abbrev  0x00000220       0x51 01-MCAL/GLBL_INT/Src/GlblInterrupt.o
 .debug_abbrev  0x00000271      0x12f 01-MCAL/SPI/Src/Spi.o
 .debug_abbrev  0x000003a0       0x7a 01-MCAL/TIMER0/Src/Timer0.o
 .debug_abbrev  0x0000041a       0xc8 01-MCAL/UART/Src/Uart.o
 .debug_abbrev  0x000004e2      0x1ec 02-HAL/LCD/Src/Lcd.o
 .debug_abbrev  0x000006ce       0xc7 02-HAL/LED/Src/Led.o
 .debug_abbrev  0x00000795      0x10e 03-APP/main.o
 .debug_abbrev  0x000008a3      0x1d4 c:/program files (x86)/atmel/atmel toolchain/avr8 gcc/native/3.4.2.939/avr8-gnu-toolchain/bin/../lib/gcc/avr/4.7.2/../../../../avr/lib/avr5\libprintf_flt.a(vfprintf_flt.o)
 .debug_abbrev  0x00000a77       0xf1 c:/program files (x86)/atmel/atmel toolchain/avr8 gcc/native/3.4.2.939/avr8-gnu-toolchain/bin/../lib/gcc/avr/4.7.2/../../../../avr/lib/avr5\libc.a(fputc.o)

.debug_line     0x00000000      0xf9c
 *(.debug_line)
 .debug_line    0x00000000       0x9b 01-MCAL/ADC/Src/Adc.o
 .debug_line    0x0000009b      0x115 01-MCAL/DIO/Src/Dio.o
 .debug_line    0x000001b0       0xbf 01-MCAL/EXT_INT/Src/ExtInt.o
 .debug_line    0x0000026f       0x7c 01-MCAL/GLBL_INT/Src/GlblInterrupt.o
 .debug_line    0x000002eb      0x10c 01-MCAL/SPI/Src/Spi.o
 .debug_line    0x000003f7       0xa3 01-MCAL/TIMER0/Src/Timer0.o
 .debug_line    0x0000049a       0xa4 01-MCAL/UART/Src/Uart.o
 .debug_line    0x0000053e      0x2c3 02-HAL/LCD/Src/Lcd.o
 .debug_line    0x00000801       0xdd 02-HAL/LED/Src/Led.o
 .debug_line    0x000008de       0xba 03-APP/main.o
 .debug_line    0x00000998      0x500 c:/program files (x86)/atmel/atmel toolchain/avr8 gcc/native/3.4.2.939/avr8-gnu-toolchain/bin/../lib/gcc/avr/4.7.2/../../../../avr/lib/avr5\libprintf_flt.a(vfprintf_flt.o)
 .debug_line    0x00000e98      0x104 c:/program files (x86)/atmel/atmel toolchain/avr8 gcc/native/3.4.2.939/avr8-gnu-toolchain/bin/../lib/gcc/avr/4.7.2/../../../../avr/lib/avr5\libc.a(fputc.o)

.debug_frame    0x00000000      0x434
 *(.debug_frame)
 .debug_frame   0x00000000       0x34 01-MCAL/ADC/Src/Adc.o
 .debug_frame   0x00000034       0x74 01-MCAL/DIO/Src/Dio.o
 .debug_frame   0x000000a8       0x44 01-MCAL/EXT_INT/Src/ExtInt.o
 .debug_frame   0x000000ec       0x34 01-MCAL/GLBL_INT/Src/GlblInterrupt.o
 .debug_frame   0x00000120       0x74 01-MCAL/SPI/Src/Spi.o
 .debug_frame   0x00000194       0x64 01-MCAL/TIMER0/Src/Timer0.o
 .debug_frame   0x000001f8       0x60 01-MCAL/UART/Src/Uart.o
 .debug_frame   0x00000258       0xe0 02-HAL/LCD/Src/Lcd.o
 .debug_frame   0x00000338       0x54 02-HAL/LED/Src/Led.o
 .debug_frame   0x0000038c       0x24 03-APP/main.o
 .debug_frame   0x000003b0       0x4c c:/program files (x86)/atmel/atmel toolchain/avr8 gcc/native/3.4.2.939/avr8-gnu-toolchain/bin/../lib/gcc/avr/4.7.2/../../../../avr/lib/avr5\libprintf_flt.a(vfprintf_flt.o)
 .debug_frame   0x000003fc       0x38 c:/program files (x86)/atmel/atmel toolchain/avr8 gcc/native/3.4.2.939/avr8-gnu-toolchain/bin/../lib/gcc/avr/4.7.2/../../../../avr/lib/avr5\libc.a(fputc.o)

.debug_str      0x00000000      0x9aa
 *(.debug_str)
 .debug_str     0x00000000      0x119 01-MCAL/ADC/Src/Adc.o
                                0x139 (size before relaxing)
 .debug_str     0x00000119      0x188 01-MCAL/DIO/Src/Dio.o
                                0x21a (size before relaxing)
 .debug_str     0x000002a1       0xc6 01-MCAL/EXT_INT/Src/ExtInt.o
                                0x152 (size before relaxing)
 .debug_str     0x00000367       0x51 01-MCAL/GLBL_INT/Src/GlblInterrupt.o
                                 0xdd (size before relaxing)
 .debug_str     0x000003b8       0xb1 01-MCAL/SPI/Src/Spi.o
                                0x220 (size before relaxing)
 .debug_str     0x00000469       0x7d 01-MCAL/TIMER0/Src/Timer0.o
                                0x109 (size before relaxing)
 .debug_str     0x000004e6       0x60 01-MCAL/UART/Src/Uart.o
                                 0xf1 (size before relaxing)
 .debug_str     0x00000546      0x24b 02-HAL/LCD/Src/Lcd.o
                                0x41a (size before relaxing)
 .debug_str     0x00000791       0x51 02-HAL/LED/Src/Led.o
                                0x1eb (size before relaxing)
 .debug_str     0x000007e2       0x1f 03-APP/main.o
                                0x140 (size before relaxing)
 .debug_str     0x00000801      0x147 c:/program files (x86)/atmel/atmel toolchain/avr8 gcc/native/3.4.2.939/avr8-gnu-toolchain/bin/../lib/gcc/avr/4.7.2/../../../../avr/lib/avr5\libprintf_flt.a(vfprintf_flt.o)
                                0x1e8 (size before relaxing)
 .debug_str     0x00000948       0x62 c:/program files (x86)/atmel/atmel toolchain/avr8 gcc/native/3.4.2.939/avr8-gnu-toolchain/bin/../lib/gcc/avr/4.7.2/../../../../avr/lib/avr5\libc.a(fputc.o)
                                0x10d (size before relaxing)

.debug_loc      0x00000000     0x1a18
 *(.debug_loc)
 .debug_loc     0x00000000       0x41 01-MCAL/ADC/Src/Adc.o
 .debug_loc     0x00000041      0x9e2 01-MCAL/DIO/Src/Dio.o
 .debug_loc     0x00000a23      0x157 01-MCAL/EXT_INT/Src/ExtInt.o
 .debug_loc     0x00000b7a       0x40 01-MCAL/SPI/Src/Spi.o
 .debug_loc     0x00000bba       0x21 01-MCAL/TIMER0/Src/Timer0.o
 .debug_loc     0x00000bdb       0x7d 01-MCAL/UART/Src/Uart.o
 .debug_loc     0x00000c58      0x367 02-HAL/LCD/Src/Lcd.o
 .debug_loc     0x00000fbf       0xf9 02-HAL/LED/Src/Led.o
 .debug_loc     0x000010b8       0x1e 03-APP/main.o
 .debug_loc     0x000010d6      0x84f c:/program files (x86)/atmel/atmel toolchain/avr8 gcc/native/3.4.2.939/avr8-gnu-toolchain/bin/../lib/gcc/avr/4.7.2/../../../../avr/lib/avr5\libprintf_flt.a(vfprintf_flt.o)
 .debug_loc     0x00001925       0xf3 c:/program files (x86)/atmel/atmel toolchain/avr8 gcc/native/3.4.2.939/avr8-gnu-toolchain/bin/../lib/gcc/avr/4.7.2/../../../../avr/lib/avr5\libc.a(fputc.o)

.debug_macinfo
 *(.debug_macinfo)

.debug_pubtypes
 *(.debug_pubtypes)

.debug_ranges   0x00000000      0x200
 *(.debug_ranges)
 .debug_ranges  0x00000000       0x18 01-MCAL/ADC/Src/Adc.o
 .debug_ranges  0x00000018       0x38 01-MCAL/DIO/Src/Dio.o
 .debug_ranges  0x00000050       0x20 01-MCAL/EXT_INT/Src/ExtInt.o
 .debug_ranges  0x00000070       0x18 01-MCAL/GLBL_INT/Src/GlblInterrupt.o
 .debug_ranges  0x00000088       0x38 01-MCAL/SPI/Src/Spi.o
 .debug_ranges  0x000000c0       0x30 01-MCAL/TIMER0/Src/Timer0.o
 .debug_ranges  0x000000f0       0x28 01-MCAL/UART/Src/Uart.o
 .debug_ranges  0x00000118       0x78 02-HAL/LCD/Src/Lcd.o
 .debug_ranges  0x00000190       0x28 02-HAL/LED/Src/Led.o
 .debug_ranges  0x000001b8       0x10 03-APP/main.o
 .debug_ranges  0x000001c8       0x28 c:/program files (x86)/atmel/atmel toolchain/avr8 gcc/native/3.4.2.939/avr8-gnu-toolchain/bin/../lib/gcc/avr/4.7.2/../../../../avr/lib/avr5\libprintf_flt.a(vfprintf_flt.o)
 .debug_ranges  0x000001f0       0x10 c:/program files (x86)/atmel/atmel toolchain/avr8 gcc/native/3.4.2.939/avr8-gnu-toolchain/bin/../lib/gcc/avr/4.7.2/../../../../avr/lib/avr5\libc.a(fputc.o)

.debug_macro
 *(.debug_macro)
OUTPUT(Amit_L11_Interfacing.elf elf32-avr)
LOAD linker stubs
